Analysis & Synthesis report for P4
Fri Apr 26 19:03:16 2024
Quartus II Version 9.1 Build 350 03/24/2010 Service Pack 2 SJ Web Edition


---------------------
; Table of Contents ;
---------------------
  1. Legal Notice
  2. Analysis & Synthesis Summary
  3. Analysis & Synthesis Settings
  4. Parallel Compilation
  5. Analysis & Synthesis Source Files Read
  6. Analysis & Synthesis Resource Usage Summary
  7. Analysis & Synthesis Resource Utilization by Entity
  8. State Machine - |P4|c_st
  9. Source assignments for lpm_counter:counter_rtl_0
 10. Parameter Settings for Inferred Entity Instance: lpm_counter:counter_rtl_0
 11. Analysis & Synthesis Messages



----------------
; Legal Notice ;
----------------
Copyright (C) 1991-2010 Altera Corporation
Your use of Altera Corporation's design tools, logic functions 
and other software and tools, and its AMPP partner logic 
functions, and any output files from any of the foregoing 
(including device programming or simulation files), and any 
associated documentation or information are expressly subject 
to the terms and conditions of the Altera Program License 
Subscription Agreement, Altera MegaCore Function License 
Agreement, or other applicable license agreement, including, 
without limitation, that your use is for the sole purpose of 
programming logic devices manufactured by Altera and sold by 
Altera or its authorized distributors.  Please refer to the 
applicable agreement for further details.



+----------------------------------------------------------------------------+
; Analysis & Synthesis Summary                                               ;
+-----------------------------+----------------------------------------------+
; Analysis & Synthesis Status ; Successful - Fri Apr 26 19:03:16 2024        ;
; Quartus II Version          ; 9.1 Build 350 03/24/2010 SP 2 SJ Web Edition ;
; Revision Name               ; P4                                           ;
; Top-level Entity Name       ; P4                                           ;
; Family                      ; MAX7000S                                     ;
; Total macrocells            ; 12                                           ;
; Total pins                  ; 9                                            ;
+-----------------------------+----------------------------------------------+


+--------------------------------------------------------------------------------------------------------------+
; Analysis & Synthesis Settings                                                                                ;
+----------------------------------------------------------------------------+-----------------+---------------+
; Option                                                                     ; Setting         ; Default Value ;
+----------------------------------------------------------------------------+-----------------+---------------+
; Device                                                                     ; EPM7064SLC44-10 ;               ;
; Top-level entity name                                                      ; P4              ; P4            ;
; Family name                                                                ; MAX7000S        ; Stratix II    ;
; Use Generated Physical Constraints File                                    ; Off             ;               ;
; Use smart compilation                                                      ; Off             ; Off           ;
; Enable parallel Assembler and TimeQuest Timing Analyzer during compilation ; On              ; On            ;
; Enable compact report table                                                ; Off             ; Off           ;
; Create Debugging Nodes for IP Cores                                        ; Off             ; Off           ;
; Preserve fewer node names                                                  ; On              ; On            ;
; Disable OpenCore Plus hardware evaluation                                  ; Off             ; Off           ;
; Verilog Version                                                            ; Verilog_2001    ; Verilog_2001  ;
; VHDL Version                                                               ; VHDL_1993       ; VHDL_1993     ;
; State Machine Processing                                                   ; Auto            ; Auto          ;
; Safe State Machine                                                         ; Off             ; Off           ;
; Extract Verilog State Machines                                             ; On              ; On            ;
; Extract VHDL State Machines                                                ; On              ; On            ;
; Ignore Verilog initial constructs                                          ; Off             ; Off           ;
; Iteration limit for constant Verilog loops                                 ; 5000            ; 5000          ;
; Iteration limit for non-constant Verilog loops                             ; 250             ; 250           ;
; Add Pass-Through Logic to Inferred RAMs                                    ; On              ; On            ;
; Parallel Synthesis                                                         ; On              ; On            ;
; NOT Gate Push-Back                                                         ; On              ; On            ;
; Power-Up Don't Care                                                        ; On              ; On            ;
; Remove Duplicate Registers                                                 ; On              ; On            ;
; Ignore CARRY Buffers                                                       ; Off             ; Off           ;
; Ignore CASCADE Buffers                                                     ; Off             ; Off           ;
; Ignore GLOBAL Buffers                                                      ; Off             ; Off           ;
; Ignore ROW GLOBAL Buffers                                                  ; Off             ; Off           ;
; Ignore LCELL Buffers                                                       ; Auto            ; Auto          ;
; Ignore SOFT Buffers                                                        ; Off             ; Off           ;
; Limit AHDL Integers to 32 Bits                                             ; Off             ; Off           ;
; Optimization Technique                                                     ; Speed           ; Speed         ;
; Allow XOR Gate Usage                                                       ; On              ; On            ;
; Auto Logic Cell Insertion                                                  ; On              ; On            ;
; Parallel Expander Chain Length                                             ; 4               ; 4             ;
; Auto Parallel Expanders                                                    ; On              ; On            ;
; Auto Open-Drain Pins                                                       ; On              ; On            ;
; Auto Resource Sharing                                                      ; Off             ; Off           ;
; Maximum Fan-in Per Macrocell                                               ; 100             ; 100           ;
; Use LogicLock Constraints during Resource Balancing                        ; On              ; On            ;
; Ignore translate_off and synthesis_off directives                          ; Off             ; Off           ;
; Show Parameter Settings Tables in Synthesis Report                         ; On              ; On            ;
; HDL message level                                                          ; Level2          ; Level2        ;
; Suppress Register Optimization Related Messages                            ; Off             ; Off           ;
; Number of Removed Registers Reported in Synthesis Report                   ; 5000            ; 5000          ;
; Number of Inverted Registers Reported in Synthesis Report                  ; 100             ; 100           ;
; Block Design Naming                                                        ; Auto            ; Auto          ;
; Synthesis Effort                                                           ; Auto            ; Auto          ;
; Shift Register Replacement - Allow Asynchronous Clear Signal               ; On              ; On            ;
; Analysis & Synthesis Message Level                                         ; Medium          ; Medium        ;
; Disable Register Merging Across Hierarchies                                ; Auto            ; Auto          ;
+----------------------------------------------------------------------------+-----------------+---------------+


Parallel compilation was disabled, but you have multiple processors available. Enable parallel compilation to reduce compilation time.
+-------------------------------------+
; Parallel Compilation                ;
+----------------------------+--------+
; Processors                 ; Number ;
+----------------------------+--------+
; Number detected on machine ; 6      ;
; Maximum allowed            ; 1      ;
+----------------------------+--------+


+---------------------------------------------------------------------------------------------------------------------------+
; Analysis & Synthesis Source Files Read                                                                                    ;
+----------------------------------+-----------------+-----------------+----------------------------------------------------+
; File Name with User-Entered Path ; Used in Netlist ; File Type       ; File Name with Absolute Path                       ;
+----------------------------------+-----------------+-----------------+----------------------------------------------------+
; P4.vhd                           ; yes             ; User VHDL File  ; D:/lab4/P4.vhd                                     ;
; lpm_counter.tdf                  ; yes             ; Megafunction    ; c:/quartus/libraries/megafunctions/lpm_counter.tdf ;
+----------------------------------+-----------------+-----------------+----------------------------------------------------+


+---------------------------------------------+
; Analysis & Synthesis Resource Usage Summary ;
+----------------------+----------------------+
; Resource             ; Usage                ;
+----------------------+----------------------+
; Logic cells          ; 12                   ;
; Total registers      ; 8                    ;
; I/O pins             ; 9                    ;
; Parallel expanders   ; 1                    ;
; Maximum fan-out node ; c_st.state_bit_1     ;
; Maximum fan-out      ; 10                   ;
; Total fan-out        ; 74                   ;
; Average fan-out      ; 3.52                 ;
+----------------------+----------------------+


+---------------------------------------------------------------------------------------------------+
; Analysis & Synthesis Resource Utilization by Entity                                               ;
+--------------------------------+------------+------+-------------------------------+--------------+
; Compilation Hierarchy Node     ; Macrocells ; Pins ; Full Hierarchy Name           ; Library Name ;
+--------------------------------+------------+------+-------------------------------+--------------+
; |P4                            ; 12         ; 9    ; |P4                           ; work         ;
;    |lpm_counter:counter_rtl_0| ; 4          ; 0    ; |P4|lpm_counter:counter_rtl_0 ; work         ;
+--------------------------------+------------+------+-------------------------------+--------------+


Encoding Type:  Minimal Bits
+------------------------------------------------------+
; State Machine - |P4|c_st                             ;
+----------------+------------------+------------------+
; Name           ; c_st.state_bit_1 ; c_st.state_bit_0 ;
+----------------+------------------+------------------+
; c_st.idle      ; 0                ; 0                ;
; c_st.waiting_y ; 0                ; 1                ;
; c_st.Sy        ; 1                ; 1                ;
; c_st.Sr        ; 1                ; 0                ;
+----------------+------------------+------------------+


+--------------------------------------------------+
; Source assignments for lpm_counter:counter_rtl_0 ;
+---------------------------+-------+------+-------+
; Assignment                ; Value ; From ; To    ;
+---------------------------+-------+------+-------+
; SUPPRESS_DA_RULE_INTERNAL ; a101  ; -    ; -     ;
; SUPPRESS_DA_RULE_INTERNAL ; s102  ; -    ; -     ;
; SUPPRESS_DA_RULE_INTERNAL ; s103  ; -    ; -     ;
+---------------------------+-------+------+-------+


+----------------------------------------------------------------------------+
; Parameter Settings for Inferred Entity Instance: lpm_counter:counter_rtl_0 ;
+------------------------+-------------------+-------------------------------+
; Parameter Name         ; Value             ; Type                          ;
+------------------------+-------------------+-------------------------------+
; AUTO_CARRY_CHAINS      ; ON                ; AUTO_CARRY                    ;
; IGNORE_CARRY_BUFFERS   ; OFF               ; IGNORE_CARRY                  ;
; AUTO_CASCADE_CHAINS    ; ON                ; AUTO_CASCADE                  ;
; IGNORE_CASCADE_BUFFERS ; OFF               ; IGNORE_CASCADE                ;
; LPM_WIDTH              ; 4                 ; Untyped                       ;
; LPM_DIRECTION          ; UP                ; Untyped                       ;
; LPM_MODULUS            ; 0                 ; Untyped                       ;
; LPM_AVALUE             ; UNUSED            ; Untyped                       ;
; LPM_SVALUE             ; UNUSED            ; Untyped                       ;
; LPM_PORT_UPDOWN        ; PORT_CONNECTIVITY ; Untyped                       ;
; DEVICE_FAMILY          ; MAX7000S          ; Untyped                       ;
; CARRY_CHAIN            ; MANUAL            ; Untyped                       ;
; CARRY_CHAIN_LENGTH     ; 48                ; CARRY_CHAIN_LENGTH            ;
; NOT_GATE_PUSH_BACK     ; ON                ; NOT_GATE_PUSH_BACK            ;
; CARRY_CNT_EN           ; SMART             ; Untyped                       ;
; LABWIDE_SCLR           ; ON                ; Untyped                       ;
; USE_NEW_VERSION        ; TRUE              ; Untyped                       ;
; CBXI_PARAMETER         ; NOTHING           ; Untyped                       ;
+------------------------+-------------------+-------------------------------+
Note: In order to hide this table in the UI and the text report file, please set the "Show Parameter Settings Tables in Synthesis Report" option in "Analysis and Synthesis Settings -> More Settings" to "Off".


+-------------------------------+
; Analysis & Synthesis Messages ;
+-------------------------------+
Info: *******************************************************************
Info: Running Quartus II Analysis & Synthesis
    Info: Version 9.1 Build 350 03/24/2010 Service Pack 2 SJ Web Edition
    Info: Processing started: Fri Apr 26 19:03:14 2024
Info: Command: quartus_map --read_settings_files=on --write_settings_files=off P4 -c P4
Warning: Can't analyze file -- file ../Problem 5 file 3-5.vhd is missing
Info: Found 2 design units, including 1 entities, in source file p4.vhd
    Info: Found design unit 1: P4-asd
    Info: Found entity 1: P4
Info: Elaborating entity "P4" for the top level hierarchy
Info: Inferred 1 megafunctions from design logic
    Info: Inferred lpm_counter megafunction (LPM_WIDTH=4) from the following logic: "counter[0]~0"
Info: Elaborated megafunction instantiation "lpm_counter:counter_rtl_0"
Info: Instantiated megafunction "lpm_counter:counter_rtl_0" with the following parameter:
    Info: Parameter "LPM_WIDTH" = "4"
    Info: Parameter "LPM_DIRECTION" = "UP"
    Info: Parameter "LPM_TYPE" = "LPM_COUNTER"
Info: Promoted pin-driven signal(s) to global signal
    Info: Promoted clock signal driven by pin "clk" to global clock signal
Info: Implemented 21 device resources after synthesis - the final resource count might be different
    Info: Implemented 3 input pins
    Info: Implemented 6 output pins
    Info: Implemented 12 macrocells
Info: Quartus II Analysis & Synthesis was successful. 0 errors, 1 warning
    Info: Peak virtual memory: 241 megabytes
    Info: Processing ended: Fri Apr 26 19:03:17 2024
    Info: Elapsed time: 00:00:03
    Info: Total CPU time (on all processors): 00:00:00


